[www.swingvy.com/index.html]
[backblue.gif]
[fade.gif]
[index.html]
[global-uploads.webflow.com/5f61e23f8677b34d6f77653b/css/swingvy.webflow.c2b5a3849.min.css]
[global-uploads.webflow.com/5f61e23f8677b34d6f77653b/5f64a64f718b78717caba7d2_Favicon.png]
[global-uploads.webflow.com/5f61e23f8677b34d6f77653b/5f62f236a54244286258c9a6_Webclip.png]
[platform-api.sharethis.com/js/sharethis.js]
[www.swingvy.com/sg/products/time.html]
[global-uploads.webflow.com/5f61e23f8677b34d6f77653b/6052e37dbc8768d47f99ad21_Xero Logo.png]
[www.swingvy.com/sg/resources/library.html]
[www.swingvy.com/sg/resources/blog.html]
[www.swingvy.com/sg/customers.html]
[www.swingvy.com/sg/company/careers.html]
[www.swingvy.com/sg/company/press.html]
[global-uploads.webflow.com/5f61e23f8677b34d6f77653b/6052a2cd30a1e51bc91b65c8_sg.png]
[global-uploads.webflow.com/5f61e23f8677b34d6f77653b/60520d0d0ef2f731278402ad_sg-1.jpg]
[global-uploads.webflow.com/5f61e23f8677b34d6f77653b/60520e0dc73e87c619268d6a_sg-2.jpg]
[global-uploads.webflow.com/5f61e23f8677b34d6f77653b/60520d0edaf3a15c16ae881a_sg-5.jpg]
[global-uploads.webflow.com/5f61e23f8677b34d6f77653b/60520d0de42ae82eaa5aeb70_sg-3.jpg]
[global-uploads.webflow.com/5f61e23f8677b34d6f77653b/5f86f8a1d7392af885b1ac6e_Hero-People-2.jpg]
[global-uploads.webflow.com/5f61e23f8677b34d6f77653b/6052a1c8bf19d5b49f0eae27_sg-4.png]
[global-uploads.webflow.com/5f61e23f8677b34d6f77653b/60520d0d67ba856bd728e984_sg-4.jpg]
[global-uploads.webflow.com/5f61e23f8677b34d6f77653b/605348e1f470542bc6770b59_sg-5.png]
[global-uploads.webflow.com/5f61e23f8677b34d6f77653b/605348b629446b2eaee1757a_sg-1.png]
[global-uploads.webflow.com/5f61e23f8677b34d6f77653b/605348fc04e5e83dd4af37ed_sg-4.png]
[global-uploads.webflow.com/5f61e23f8677b34d6f77653b/5f86f8a2a4afb1f50943af85_Hero-People-7.jpg]
[global-uploads.webflow.com/5f61e23f8677b34d6f77653b/5fa110921270e808d435ced9_home-HR Hub.jpg]
[global-uploads.webflow.com/5f61e23f8677b34d6f77653b/5fa1108f55ea6c75129a31e3_home-Leave.jpg]
[global-uploads.webflow.com/5f61e23f8677b34d6f77653b/5fa11091252b648567cb7390_home-Time.jpg]
[global-uploads.webflow.com/5f61e23f8677b34d6f77653b/5fa1108fdaedf6594caeb526_home-Claims.jpg]
[global-uploads.webflow.com/5f61e23f8677b34d6f77653b/5fa20aacdb358c4f1de1b690_home - Payroll - SG.png]
[global-uploads.webflow.com/5f61e23f8677b34d6f77653b/5fa11098b74923ad12f5770d_home-Benefits.jpg]
[global-uploads.webflow.com/5f61e23f8677b34d6f77653b/5fa110926e28e7391bc8821f_home-Mobile.jpg]
[global-uploads.webflow.com/5f61e23f8677b34d6f77653b/5fa1109251a3e7fc20ac9f79_home-Payroll.jpg]
[global-uploads.webflow.com/5f61e23f8677b34d6f77653b/5fd748072aa1abfd88c7f043_Mobile.png]
[global-uploads.webflow.com/5f61e23f8677b34d6f77653b/6052a8e1850db26e88d6c925_my-a-1.png]
[global-uploads.webflow.com/5f61e23f8677b34d6f77653b/5f994b1fddc1096d17db57ee_For-HR-Manager.jpg]
[global-uploads.webflow.com/5f61e23f8677b34d6f77653b/5f994b1ed5af2009e08ff373_For-CEO.jpg]
[global-uploads.webflow.com/5f61e23f8677b34d6f77653b/5fa54a7a5c558378c632eb79_Infocomm_Media_Development_Authority_logo.png]
[global-uploads.webflow.com/5f61e23f8677b34d6f77653b/5fcf3edd88177758e7b80eb4_SGD-SMEs-GO-Digital-Pre-Approved.png]
[global-uploads.webflow.com/5f61e23f8677b34d6f77653b/5f98317d71f1873c3add75aa_HR testimonial img.png]
[global-uploads.webflow.com/5f61e23f8677b34d6f77653b/5f99497f17c20cb046a6e2f0_OXWHITE-LOGO-OL-01.png]
[global-uploads.webflow.com/5f61e23f8677b34d6f77653b/600a89556b0d763acf45e81b_KHM Engineering Logo.png]
[global-uploads.webflow.com/5f61e23f8677b34d6f77653b/5f6444e5f15eb4cf10288795_client-deal street asia.jpg]
[global-uploads.webflow.com/5f61e23f8677b34d6f77653b/600a895fefc73637ffb319ef_Palsgaard Logo.png]
[global-uploads.webflow.com/5f61e23f8677b34d6f77653b/600a8a8e2068efded5d9e90c_Para Athletics Logo.png]
[global-uploads.webflow.com/5f61e23f8677b34d6f77653b/600a89cafda1ea25c4dcb036_Vision Display Logo.png]
[global-uploads.webflow.com/5f61e23f8677b34d6f77653b/600a8aa72068ef5878d9f635_LP FOODS.jpg]
[global-uploads.webflow.com/5f61e23f8677b34d6f77653b/5f86fa96222ba020632c5d2a_people-gravity assist.jpg]
[global-uploads.webflow.com/5f61e23f8677b34d6f77653b/5f6459f25d831353620bc4f3_investors-samsung.jpg]
[global-uploads.webflow.com/5f61e23f8677b34d6f77653b/5f6459f1a0c5b15294ac8570_investors-aviva.jpg]
[global-uploads.webflow.com/5f61e23f8677b34d6f77653b/5f6459f2db399439d583129d_investors-walden.jpg]
[global-uploads.webflow.com/5f61e23f8677b34d6f77653b/5f6459f11219755232975d50_investors-big basin.jpg]
[global-uploads.webflow.com/5f61e23f8677b34d6f77653b/5f6459f12998ff2d725a08c3_investors-bass.jpg]
[global-uploads.webflow.com/5f61e23f8677b34d6f77653b/5f6459f1c9e3271e506390de_investors-spark labs.jpg]
[global-uploads.webflow.com/5f61e23f8677b34d6f77653b/5f982e5a5f0850e91c199aaa_Avatar 1.png]
[global-uploads.webflow.com/5f61e23f8677b34d6f77653b/5f982e5bdc494797682903e9_Avatar 2.png]
[global-uploads.webflow.com/5f61e23f8677b34d6f77653b/5fa3f2983504647ac5038dee_Will Lee.png]
[global-uploads.webflow.com/5f61e23f8677b34d6f77653b/5f630a63887cf8dc957129a2_App_Store_Badge.png]
[global-uploads.webflow.com/5f61e23f8677b34d6f77653b/5f630a642ea8c7b10bf55dda_Google_Play_Store_badge.png]
[www.swingvy.com/sg/security.html]
[www.swingvy.com/my/home.html]
[d3e54v103j8qbb.cloudfront.net/js/jquery-3.5.1.min.dc5e7f18c833fb.js]
[www.swingvy.com/index.html]
[global-uploads.webflow.com/5f61e23f8677b34d6f77653b/css/swingvy.webflow.c2b5a3849.min.css]
[www.googletagmanager.com/gtm5445.html]
[www.swingvy.com/tw/home.html]
[global-uploads.webflow.com/5f61e23f8677b34d6f77653b/js/webflow.ba43dab6e.js]
[global-uploads.webflow.com/5f61e23f8677b34d6f77653b/5f896977bca04b1ad41828e5_Time Hero Final.jpg]
[global-uploads.webflow.com/5f61e23f8677b34d6f77653b/5f9eb000b1a042e3f5a3d424_Time Step 1(a).jpg]
[global-uploads.webflow.com/5f61e23f8677b34d6f77653b/5f9eb00002ba7844b90c4d42_Time Step 1(b).jpg]
[global-uploads.webflow.com/5f61e23f8677b34d6f77653b/5f9eb00106d75efd0c181535_Time Step 1(c).jpg]
[global-uploads.webflow.com/5f61e23f8677b34d6f77653b/5f9eafff99175cd34a7686bd_Time Step 2.jpg]
[global-uploads.webflow.com/5f61e23f8677b34d6f77653b/5f9eb00057efc41eb1b9bd7b_Time Step 3.jpg]
[global-uploads.webflow.com/5f61e23f8677b34d6f77653b/600fcb1eeb872fac92b708f5_Time - Pals.png]
[global-uploads.webflow.com/5f61e23f8677b34d6f77653b/6007fe4fa83992d8a6058ce7_Palsgaard_Logo.png]
[www.swingvy.com/sg/products/time.html]
[www.swingvy.com/sg/products/payroll.html]
[www.swingvy.com/sg/products/mobile.html]
[global-uploads.webflow.com/5f783aea952b4abda8b9ff7e/604856e0cccdef58dfa91183_Swingvy Safe Measures Checklist Thumbnail_SG.png]
[global-uploads.webflow.com/5f783aea952b4abda8b9ff7e/6013baf5a5682a6af9cd3260_icon3.png]
[global-uploads.webflow.com/5f783aea952b4abda8b9ff7e/5facee36a594aa0878a8b9fb_WRITE-EMAIL.png]
[global-uploads.webflow.com/5f783aea952b4abda8b9ff7e/5facf06fad550306202c5f64_CHECKLIST.png]
[global-uploads.webflow.com/5f783aea952b4abda8b9ff7e/5facf01f1e7ef14ebaeac486_TIPS.png]
[global-uploads.webflow.com/5f783aea952b4abda8b9ff7e/5facefa8d71664c564e7fbe4_FORMS.png]
[global-uploads.webflow.com/5f783aea952b4abda8b9ff7e/5facf0e1d0e9c17160199704_FINANCE.png]
[global-uploads.webflow.com/5f783aea952b4abda8b9ff7e/5facf00917a9093966ccf499_SEARCH.png]
[global-uploads.webflow.com/5f783aea952b4abda8b9ff7e/5facf15e023e53f32de6f2ce_PROMOTION LETTER.png]
[global-uploads.webflow.com/5f783aea952b4abda8b9ff7e/5facf17f85c0770e49445a70_CONFIRMATION-LETTER.png]
[global-uploads.webflow.com/5f783aea952b4abda8b9ff7e/601a1c0cef3246df9c19726c_Swingvy Employee Benefits Ebook Blog Header.jpg]
[global-uploads.webflow.com/5f783aea952b4abda8b9ff7e/6021ff2011dd98ec3a08d36a_Swingvy Ebook - SME Grants - Blog Header.png]
[global-uploads.webflow.com/5f783aea952b4abda8b9ff7e/6037666e49718974eb683fff_Singapore Budget 2021.png]
[global-uploads.webflow.com/5f783aea952b4abda8b9ff7e/605044f68b1a047827df1018_Swingvy Blog_Key Tax Due Dates Singapore 2021.png]
[duifdi8i2s27p.cloudfront.net/SG+PUBLIC+HOLIDAY+CALENDAR+2021.png]
[global-uploads.webflow.com/5f783aea952b4abda8b9ff7e/5fd85bc58bdfe12ab148ef78_SG PH Calendar 2021_header.jpg]
[global-uploads.webflow.com/5f783aea952b4abda8b9ff7e/5fc86917bb6cb439a487a22b_communication ecosystem.png]
[global-uploads.webflow.com/5f783aea952b4abda8b9ff7e/5fbf65cd642f76ec5666e2e6_Flexibility Blog Header.png]
[global-uploads.webflow.com/5f783aea952b4abda8b9ff7e/5fa266685f65119f79cd6058_Swingvy_Blog Header_mobile.jpg]
[www.swingvy.com/sg/resources/library.html]
[www.swingvy.com/blog-sg/whats-it-like-to-work-with-us-in-singapore.html]
[global-uploads.webflow.com/5f783aea952b4abda8b9ff7e/6052c3b6d46a9c19360ea53c_Inside Swingvy_Charisse Lee.png]
[js.hsforms.net/forms/v2.js]
[global-uploads.webflow.com/5f783aea952b4abda8b9ff7e/602df868ffa7ba0d2dc78387_Swingvy Time Blog.png]
[global-uploads.webflow.com/5f783aea952b4abda8b9ff7e/600fd3e774df80805861028e_Effective Growth Reviews With Employees_Blog Header copy.jpg]
[global-uploads.webflow.com/5f783aea952b4abda8b9ff7e/5fa2667635cca17b410afaa1_Swingvy_Blog Header_PSG.jpg]
[global-uploads.webflow.com/5f783aea952b4abda8b9ff7e/600a7e013c4edd4918d90525_Image from iOS (2).jpg]
[global-uploads.webflow.com/5f783aea952b4abda8b9ff7e/6008d8c7b20411c7b6c46869_New Project (2).png]
[global-uploads.webflow.com/5f783aea952b4abda8b9ff7e/5fa252213422ca074669265e_Swingvy_Blog Header 9.jpg]
[global-uploads.webflow.com/5f783aea952b4abda8b9ff7e/5ff8186b24b9ed510fccd8cc_tech for growth-blog.png]
[global-uploads.webflow.com/5f783aea952b4abda8b9ff7e/5fe0304d3067a1b9de791043_BLOG_What workers want_SG.png]
[global-uploads.webflow.com/5f783aea952b4abda8b9ff7e/5fc7695758156e1f1fc2df58_Swingvy Cost Cutting Strategies.png]
[global-uploads.webflow.com/5f783aea952b4abda8b9ff7e/5fb5c5aab380c7726f8c8b5b_SG Natioal Service.jpg]
[global-uploads.webflow.com/5f783aea952b4abda8b9ff7e/5fa2697d6c407d4f3bbe585e_Swingvy_Blog Header 12.jpg]
[global-uploads.webflow.com/5f783aea952b4abda8b9ff7e/5fa25fb6a4036904f1dcf1a6_Will Lee.jpg]
[global-uploads.webflow.com/5f783aea952b4abda8b9ff7e/5fa26148a4701b61afe1debc_1_KViXhLlqdfdgU5j_agBK3A.png]
[global-uploads.webflow.com/5f783aea952b4abda8b9ff7e/5fa2593b67d8ee77faa94556_1_ykSi7aBdeUbd-hrZrs8tSg.png]
[global-uploads.webflow.com/5f783aea952b4abda8b9ff7e/5fa24f287d92b9b878d55a08_Swingvy_Blog Header 11.jpg]
[global-uploads.webflow.com/5f783aea952b4abda8b9ff7e/5fa2665a662d5199f1cc3548_Swingvy_Blog Header 4.jpg]
[global-uploads.webflow.com/5f783aea952b4abda8b9ff7e/5fa21d088fee817e117ab30b_chuttersnap-dwjjNs1Hl1k-unsplash-1-1-1536x1025.jpg]
[www.swingvy.com/blog-sg/webinar-covid-19-phase-2-how-do-employers-prepare.html]
[global-uploads.webflow.com/5f783aea952b4abda8b9ff7e/5fa21e2dae2a375ebde0e6c5_SWY_SG-Webinar-3-SQ-1536x1536.jpg]
[global-uploads.webflow.com/5f783aea952b4abda8b9ff7e/5fa20fb95bb0752cb969ec28_blog_SME.jpg]
[www.swingvy.com/sg/resources/blog.html]
[global-uploads.webflow.com/5f61e23f8677b34d6f77653b/5fa3ee1c99c87836286ea7aa_CKprofile_0097 1.png]
[global-uploads.webflow.com/5f61e23f8677b34d6f77653b/5f982e5bdc4947ea562903ea_Avatar 3.png]
[global-uploads.webflow.com/5f61e23f8677b34d6f77653b/5fa3ee2c86ff6436a27b84d9_Nadhra HEadshot.png]
[global-uploads.webflow.com/5f61e23f8677b34d6f77653b/5fa3ee3851410eec7c0a13aa_super8_brian.png]
[global-uploads.webflow.com/5f783aea952b4abda8b9ff7e/5fa4e6970df8064b68e334b5_resized_Screen_Shot_2018-06-11_at_1.02.31_PM.png]
[global-uploads.webflow.com/5f783aea952b4abda8b9ff7e/5fa45457cc979c92318f8bdd_CKprofile_0047.jpg]
[global-uploads.webflow.com/5f783aea952b4abda8b9ff7e/5fa51623bc9f7eb387091196_OXWHITE-LOGO-OL-01.png]
[global-uploads.webflow.com/5f783aea952b4abda8b9ff7e/5fd1855bbc4ab0cc270bef05_AlexC_TMB.jpg]
[global-uploads.webflow.com/5f783aea952b4abda8b9ff7e/5fd043f602276d3b484bd03b_TMB-OrangeLogo_darkTypo-min-1.png]
[global-uploads.webflow.com/5f783aea952b4abda8b9ff7e/5fd07e4ebfcf73e03d0f928a_My Nonnas.png]
[global-uploads.webflow.com/5f783aea952b4abda8b9ff7e/5fd07e9391757473329430ec_download.jpg]
[global-uploads.webflow.com/5f783aea952b4abda8b9ff7e/5fd185c3c6341028553fa335_Randeep_Green.jpg]
[global-uploads.webflow.com/5f783aea952b4abda8b9ff7e/5fd185de80bb0b2b29802deb_Screenshot 2020-12-10 at 10.18.54 AM.png]
[global-uploads.webflow.com/5f783aea952b4abda8b9ff7e/5ff7f39d95d7a37cfda64eea_Low Boon Weng copy.jpg]
[global-uploads.webflow.com/5f783aea952b4abda8b9ff7e/5ff7f3c7aadeea167a76ef90_Palsgaard_Logo.png]
[www.swingvy.com/sg/customers.html]
[global-uploads.webflow.com/5f61e23f8677b34d6f77653b/5f76cabc1f47a2163674eba8_City-Kuala Lumpur.jpg]
[global-uploads.webflow.com/5f61e23f8677b34d6f77653b/5f76cabd8cf31be9aba1a5ea_City-Seoul.jpg]
[global-uploads.webflow.com/5f61e23f8677b34d6f77653b/5f76cabd1f47a2fadf74eba9_City-Singapore.jpg]
[global-uploads.webflow.com/5f61e23f8677b34d6f77653b/5f76cabd016aeb8067af4ce9_City-Taipei.jpg]
[www.swingvy.com/sg/company/careers.html]
[global-uploads.webflow.com/5f783aea952b4abda8b9ff7e/5fa4c1a4ac740493835f9297_1603076196.jpg]
[global-uploads.webflow.com/5f783aea952b4abda8b9ff7e/5fa4dfedb4c3724b6d9b7dd7_thesundaily.jpg]
[global-uploads.webflow.com/5f783aea952b4abda8b9ff7e/5fa4e01fca66aa5ee25dcc9d_Swingvy_product_Taiwan.png]
[global-uploads.webflow.com/5f783aea952b4abda8b9ff7e/5fa4e0abb434000f51c1bb44_e27.jpg]
[global-uploads.webflow.com/5f783aea952b4abda8b9ff7e/5fa4e15e27606a6742097732_aisiaone.jpg]
[global-uploads.webflow.com/5f783aea952b4abda8b9ff7e/5fa4e27dd134b143ab762890_swingvy_team_sparklabs_demoday.jpg]
[global-uploads.webflow.com/5f783aea952b4abda8b9ff7e/5fa4e24e7696914dcc727ed3_vulcanpost.png]
[global-uploads.webflow.com/5f61e23f8677b34d6f77653b/5fa9fdebf2adcbbc1faf3ac1_HRD Innovative HR Teams 2020.png]
[global-uploads.webflow.com/5f61e23f8677b34d6f77653b/5fa0fdfa1de34bf413d75584_press-Frost_Sullivan.png]
[global-uploads.webflow.com/5f61e23f8677b34d6f77653b/5fa0fdfba5b8fd12bf39b3e0_press-TIA.png]
[global-uploads.webflow.com/5f61e23f8677b34d6f77653b/5fa0fdfaab79b26080f8ddcb_press-Techcrunch.png]
[global-uploads.webflow.com/5f61e23f8677b34d6f77653b/5fa0fdfabea79f7c43a9b51f_press-RedHerring-logo.jpg]
[global-uploads.webflow.com/5f61e23f8677b34d6f77653b/5fa367fc475b59236594a3a0_bloomberg-logo-transparent.png]
[global-uploads.webflow.com/5f61e23f8677b34d6f77653b/5fa3685bc2b0631f14013cf8_Yahoo finance.png]
[global-uploads.webflow.com/5f61e23f8677b34d6f77653b/5fa3687b0136fcbded5c7b4d_KR Asia.png]
[global-uploads.webflow.com/5f61e23f8677b34d6f77653b/5fa36885f7eb1f9a2630ea3e_The Investor.jpg]
[global-uploads.webflow.com/5f61e23f8677b34d6f77653b/5fa368b5f7eb1f15b231178d_Insurance Business Asia.png]
[www.swingvy.com/sg/company/press.html]
[global-uploads.webflow.com/5f61e23f8677b34d6f77653b/5fa368cdc2b063bb95020d6a_techcrunch-logo-300x43.png]
[global-uploads.webflow.com/5f61e23f8677b34d6f77653b/5f86f9d270b9a60f97ddb8e2_home testimonial img.png]
[global-uploads.webflow.com/5f61e23f8677b34d6f77653b/5f89948d6953238f740d3c17_Benefits testimonial img.png]
[global-uploads.webflow.com/5f61e23f8677b34d6f77653b/5f89a86e695323ef1b0d8b29_Security-MyCC-1.png]
[global-uploads.webflow.com/5f61e23f8677b34d6f77653b/5f89a86ff4ef9a5f64d57b61_Security-MyCC-2.png]
[global-uploads.webflow.com/5f61e23f8677b34d6f77653b/5f89a86fa0b5037a429aafb6_Security-MyCC-3.png]
[www.swingvy.com/sg/security.html]
[www.swingvy.com/my/products/leave.html]
[www.swingvy.com/my/products/time.html]
[www.swingvy.com/my/products/payroll.html]
[www.swingvy.com/my/partners.html]
[www.swingvy.com/my/company/about-us.html]
[www.swingvy.com/my/request-demo.html]
[global-uploads.webflow.com/5f61e23f8677b34d6f77653b/60520fbd668a043802dc0251_my-1.jpg]
[global-uploads.webflow.com/5f61e23f8677b34d6f77653b/60520fc17e353f4a7cb94bca_my-2.jpg]
[global-uploads.webflow.com/5f61e23f8677b34d6f77653b/60520fbeccb88389cefabb34_my-3.jpg]
[global-uploads.webflow.com/5f61e23f8677b34d6f77653b/60520fc1668a040cdfdc0253_my-4.jpg]
[global-uploads.webflow.com/5f61e23f8677b34d6f77653b/60520fc17000c0ede0ca6da1_my-8.jpg]
[global-uploads.webflow.com/5f61e23f8677b34d6f77653b/6053f95d30224a4e2d14d72f_my-6.png]
[global-uploads.webflow.com/5f61e23f8677b34d6f77653b/60520fbea5c8d56c5cd6889b_my-5.jpg]
[global-uploads.webflow.com/5f61e23f8677b34d6f77653b/60534776d6ed8130c0d59582_my-4.png]
[global-uploads.webflow.com/5f61e23f8677b34d6f77653b/6054089b61f6307335a8f7cf_my-7.png]
[global-uploads.webflow.com/5f61e23f8677b34d6f77653b/6053476568cbec53c0b964c9_my-8.png]
[global-uploads.webflow.com/5f61e23f8677b34d6f77653b/605347aacb93de64a657376a_my-3.png]
[global-uploads.webflow.com/5f61e23f8677b34d6f77653b/6053479ab106e586c8dd2201_my-2.png]
[global-uploads.webflow.com/5f61e23f8677b34d6f77653b/60534789a54fc61fc9f8c6d9_my-5.png]
[global-uploads.webflow.com/5f61e23f8677b34d6f77653b/6054090b2646cb422558055b_my-2.png]
[global-uploads.webflow.com/5f61e23f8677b34d6f77653b/6054080380352e974e0e3650_my-1.png]
[global-uploads.webflow.com/5f61e23f8677b34d6f77653b/6052110012bf9a7606c90a6c_tw-5.jpg]
[global-uploads.webflow.com/5f61e23f8677b34d6f77653b/5fa25aee9befc0f2ef234372_home - Claims - MYclaims.png]
[global-uploads.webflow.com/5f61e23f8677b34d6f77653b/6052a8f41fd6a598220f7cf8_my-a-2.png]
[global-uploads.webflow.com/5f61e23f8677b34d6f77653b/5f6444e6ac1147d708ee85b7_client-fashion valet.jpg]
[global-uploads.webflow.com/5f61e23f8677b34d6f77653b/5ffd66f1990fc2a449b4c63e_fundaztic.png]
[global-uploads.webflow.com/5f61e23f8677b34d6f77653b/5ffd670d0e867434850df0e2_naelofar.png]
[global-uploads.webflow.com/5f61e23f8677b34d6f77653b/5ffd671a1581e01c4e7af058_ts-960x320.png]
[global-uploads.webflow.com/5f61e23f8677b34d6f77653b/5ffd6773e9a2e5acb472052a_Malaysia Gas Association.png]
[global-uploads.webflow.com/5f61e23f8677b34d6f77653b/5ffd6782769cd1a235b823f8_sarawak.jpg]
[global-uploads.webflow.com/5f61e23f8677b34d6f77653b/6052adfe30a1e5064f1b8d62_my.png]
[global-uploads.webflow.com/5f61e23f8677b34d6f77653b/603df47e7784ffb24940d83e_foo.png]
[www.swingvy.com/my/home.html]
[www.swingvy.com/tw/products/leave.html]
[www.swingvy.com/tw/products/claims.html]
[www.swingvy.com/tw/products/payroll.html]
[www.swingvy.com/tw/products/mobile.html]
[www.swingvy.com/tw/company/careers.html]
[www.swingvy.com/tw/request-demo.html]
[global-uploads.webflow.com/5f61e23f8677b34d6f77653b/60521102ccb88317cffac894_tw-2.jpg]
[global-uploads.webflow.com/5f61e23f8677b34d6f77653b/6052110182af6a846ecc0cd4_tw-3.jpg]
[global-uploads.webflow.com/5f61e23f8677b34d6f77653b/60521102ca59774b026c6e7b_tw-7.jpg]
[global-uploads.webflow.com/5f61e23f8677b34d6f77653b/60521101c73e870fd2269ae1_tw-4.jpg]
[global-uploads.webflow.com/5f61e23f8677b34d6f77653b/605211013e53eb50cd13418f_tw-6.jpg]
[global-uploads.webflow.com/5f61e23f8677b34d6f77653b/5fa25762f771bc646a2d27de_home - HR hub - TW.png]
[global-uploads.webflow.com/5f61e23f8677b34d6f77653b/5fa24b08786a5b72e2b13834_home - Leave - TW.png]
[global-uploads.webflow.com/5f61e23f8677b34d6f77653b/5fc5f617df268296945d6e7f_home - Claims - MYclaims.png]
[global-uploads.webflow.com/5f61e23f8677b34d6f77653b/5fa2546653b1df4c7f36fb08_home - Payroll - TW.png]
[global-uploads.webflow.com/5f61e23f8677b34d6f77653b/6052a7040c1743896e100533_tw-a-2.png]
[global-uploads.webflow.com/5f61e23f8677b34d6f77653b/6052a7a2dd6e1c8428642ab4_tw-a-1.png]
[global-uploads.webflow.com/5f61e23f8677b34d6f77653b/5fa51c7cff4593176959c899_joybrick.png]
[global-uploads.webflow.com/5f61e23f8677b34d6f77653b/5fa36b860fd55b7e382d96e6_37827006_243351169724462_5548273108416200704_n.png]
[global-uploads.webflow.com/5f61e23f8677b34d6f77653b/600009c49b5f594cec03b634_13373471250768.png]
[global-uploads.webflow.com/5f61e23f8677b34d6f77653b/60054e37bba9f97dc980d073_1610741122845.jpg]
[global-uploads.webflow.com/5f61e23f8677b34d6f77653b/600009f7da242e4ae79aa036_截圖 2021-01-14 下午5.07.56.png]
[global-uploads.webflow.com/5f61e23f8677b34d6f77653b/60079b4f5765fd1e12d0e1e0_giftpack-ai-logo-gold.png]
[global-uploads.webflow.com/5f61e23f8677b34d6f77653b/600009d312bee078386c892a_image.png]
[global-uploads.webflow.com/5f61e23f8677b34d6f77653b/6052ad7f1fd6a55c570f8c3a_tw-3.png]
[global-uploads.webflow.com/5f61e23f8677b34d6f77653b/5fa394ac8920bb547abbc03c_Rick Chen.png]
[global-uploads.webflow.com/5f61e23f8677b34d6f77653b/5fa394c2b672f414028ccff3_Jim Chen.png]
[global-uploads.webflow.com/5f61e23f8677b34d6f77653b/5fa394c2308ce43e35b97631_Brian Chen.png]
[www.swingvy.com/tw/company/contact-us.html]
[www.swingvy.com/tw/home.html]
[global-uploads.webflow.com/5f61e23f8677b34d6f77653b/5f898f330a9e9f398d4a020e_Payroll Hero Final.jpg]
[global-uploads.webflow.com/5f61e23f8677b34d6f77653b/5fa2013e15cbabd0d39285a0_Payroll Step 1 - SG.png]
[global-uploads.webflow.com/5f61e23f8677b34d6f77653b/5fa20148a40a941e4fd1cd5b_Payroll Step 2 - SG.png]
[www.swingvy.com/sg/products/claims.html]
[global-uploads.webflow.com/5f61e23f8677b34d6f77653b/5faba7be736279171c9db5f2_HR Hub Step 3(c) - SG.png]
[www.swingvy.com/sg/products/payroll.html]
[global-uploads.webflow.com/5f61e23f8677b34d6f77653b/5f89969c099febb5d01be172_Mobile Hero Final.jpg]
[global-uploads.webflow.com/5f61e23f8677b34d6f77653b/5f9eb1971df8362b1fefa812_Mobile Step 1(a).jpg]
[global-uploads.webflow.com/5f61e23f8677b34d6f77653b/5f9eb1979508b687b1d26b9b_Mobile Step 1(b).jpg]
[global-uploads.webflow.com/5f61e23f8677b34d6f77653b/5f9eb196b1a042cb57a3da25_Mobile Step 1(c).jpg]
[global-uploads.webflow.com/5f61e23f8677b34d6f77653b/5f9eb19599175c67ed768810_Mobile Step 2(a).jpg]
[global-uploads.webflow.com/5f61e23f8677b34d6f77653b/5f9eb19645546d3154ee7b81_Mobile Step 2(b).jpg]
[global-uploads.webflow.com/5f61e23f8677b34d6f77653b/5f9eb196a95d27b30612af20_Mobile Step 2(c).jpg]
[global-uploads.webflow.com/5f61e23f8677b34d6f77653b/5f9eb196876d835669a01d44_Mobile Step 3(a).jpg]
[global-uploads.webflow.com/5f61e23f8677b34d6f77653b/5f9eb19706d75e5966182255_Mobile Step 3(b).jpg]
[global-uploads.webflow.com/5f61e23f8677b34d6f77653b/5f9eb197477401d8ac4c5b51_Mobile Step 3(c).jpg]
[global-uploads.webflow.com/5f61e23f8677b34d6f77653b/5f98308cdc49474896290a18_Leave testimonial Img.png]
[global-uploads.webflow.com/5f61e23f8677b34d6f77653b/5f994ba58ea74850317675de_TMG_Logo.png]
[www.swingvy.com/sg/products/mobile.html]
[www.swingvy.com/sg/pricing.html]
[www.swingvy.com/blog-categories-sg/inside-swingvy.html]
[global-uploads.webflow.com/5f783aea952b4abda8b9ff7e/6052c4366883eb4c86b903c1_Swingvy Blog Signature_We're Hiring.png]
[www.swingvy.com/blog-sg/whats-it-like-to-work-with-us-in-singapore.html]
[www.swingvy.com/blog-sg/webinar-covid-19-phase-2-how-do-employers-prepare.html]
[www.swingvy.com/blog-categories-sg/management.html]
[global-uploads.webflow.com/5f61e23f8677b34d6f77653b/5f870f3006b087e50c9ccef8_Leave Hero Final.jpg]
[global-uploads.webflow.com/5f61e23f8677b34d6f77653b/5f9eb673e5a1817afb930f8d_Leave Step 1.jpg]
[global-uploads.webflow.com/5f61e23f8677b34d6f77653b/601a506d48d38c60960f966d_Leave Step 2.png]
[global-uploads.webflow.com/5f61e23f8677b34d6f77653b/5f9eb672ac26f944d92081e7_Leave Step 3.jpg]
[www.swingvy.com/my/products/leave.html]
[global-uploads.webflow.com/5f61e23f8677b34d6f77653b/5f9a6dd844f1fef6378a1797_Nadhra Tetimonial Img.png]
[global-uploads.webflow.com/5f61e23f8677b34d6f77653b/5f9a6e29343bad0e3af42c66_Tresgo_logo_Full_Color-01.jpg]
[www.swingvy.com/my/products/time.html]
[global-uploads.webflow.com/5f61e23f8677b34d6f77653b/5fa25d00a40369cfecdb40a7_Payroll Step 1 - MY.png]
[global-uploads.webflow.com/5f61e23f8677b34d6f77653b/5fa203a94349c77b682229c0_Payroll Step 2 - MY.png]
[global-uploads.webflow.com/5f61e23f8677b34d6f77653b/5faba843a484fc9253c79fa1_HR Hub Step 3(c) - MY.png]
[global-uploads.webflow.com/5f61e23f8677b34d6f77653b/5f9a84927909005b77f33dc7_Keith Testimonial img.png]
[global-uploads.webflow.com/5f61e23f8677b34d6f77653b/5f9a6f243f7e81240e39c007_spinefitchiro.physio2019-logo-blkteal_330px.png]
[www.swingvy.com/my/products/payroll.html]
[global-uploads.webflow.com/5f61e23f8677b34d6f77653b/5f89a330099feb705d1c0a47_Partners-hero-2.png]
[global-uploads.webflow.com/5f61e23f8677b34d6f77653b/5f89a32fdeba3b59e2e9c7e8_Partners-hero-1.png]
[global-uploads.webflow.com/5f61e23f8677b34d6f77653b/5f8e9ee08bd7fa724a5c7146_Partners-hero-4.png]
[global-uploads.webflow.com/5f61e23f8677b34d6f77653b/5f89a3325e523c64df503346_Partners-hero-3.png]
[global-uploads.webflow.com/5f61e23f8677b34d6f77653b/5f89969c95ebaa1f042a366b_Mobile testimonial img.png]
[global-uploads.webflow.com/5f61e23f8677b34d6f77653b/5fa100c80a79354e239ad964_partners-logo-5.png]
[global-uploads.webflow.com/5f61e23f8677b34d6f77653b/5f9f9b2511f1bdc5a1d80bcb_partners-logo-1.jpg]
[global-uploads.webflow.com/5f61e23f8677b34d6f77653b/5f9f9b28aff9cf450bb9b497_partners-logo-3.jpg]
[global-uploads.webflow.com/5f61e23f8677b34d6f77653b/5f9f9b2611f1bda1c9d80bcd_partners-logo-4.jpg]
[global-uploads.webflow.com/5f61e23f8677b34d6f77653b/5f9f9b25da8670b811336153_partners-logo-2.jpg]
[global-uploads.webflow.com/5f61e23f8677b34d6f77653b/5fb77cc80a0b45c17dc7972e_Image from iOS.jpg]
[global-uploads.webflow.com/5f61e23f8677b34d6f77653b/5fcf004aef3ed37eb05d4da9_RP_logo_long_2020.png]
[global-uploads.webflow.com/5f61e23f8677b34d6f77653b/5fdc3f85d3c55018944c2277_0 (1).jpg]
[global-uploads.webflow.com/5f61e23f8677b34d6f77653b/5ff2c98dd62f162eb84e9bff_스크린샷 2021-01-04 오후 4.53.23.png]
[global-uploads.webflow.com/5f61e23f8677b34d6f77653b/5ff66fe67d4fb573a01de226_CKP Logo Cropped.jpg]
[www.swingvy.com/my/partners.html]
[global-uploads.webflow.com/5f61e23f8677b34d6f77653b/5fa53ff383c18de79949c168_aboutus.png]
[global-uploads.webflow.com/5f61e23f8677b34d6f77653b/5fa3ba60afa320de00377c06_VQG2g4wA.jpg]
[global-uploads.webflow.com/5f61e23f8677b34d6f77653b/5fa913d6bc2b35da6bb8cf24_Choose this!.png]
[global-uploads.webflow.com/5f61e23f8677b34d6f77653b/5fa913b4faf5d411771547bc_Choose this too.jpg]
[www.swingvy.com/my/company/about-us.html]
[global-uploads.webflow.com/5f61e23f8677b34d6f77653b/5fa5405761c43b78f681cf4b_IMG_2124.jpg]
[www.swingvy.com/my/request-demo.html]
[global-uploads.webflow.com/5f61e23f8677b34d6f77653b/5fa34e59b6425f2563252de2_Leave Step 1 -TW.png]
[global-uploads.webflow.com/5f61e23f8677b34d6f77653b/5fa34fa92b69f8feb5b8e372_Leave Step 2 -TW.png]
[global-uploads.webflow.com/5f61e23f8677b34d6f77653b/5fa34fb416218d4bf1bc5042_Leave Step 3 -TW.png]
[global-uploads.webflow.com/5f61e23f8677b34d6f77653b/5fa28c8727e7ab64c81d370e_C9VGUokg.png]
[www.swingvy.com/tw/products/leave.html]
[global-uploads.webflow.com/5f61e23f8677b34d6f77653b/5f898ea31a33efaa1fa62448_Claim Hero Final-2.jpg]
[global-uploads.webflow.com/5f61e23f8677b34d6f77653b/5fa35065015ab40d0997680d_Claims Step 1 - TW.png]
[global-uploads.webflow.com/5f61e23f8677b34d6f77653b/5fa3513ed62a97564359dff0_Claims Step 2 - TW.png]
[global-uploads.webflow.com/5f61e23f8677b34d6f77653b/5fa3514c316728860ee3eef2_Claims Step 3.png]
[global-uploads.webflow.com/5f61e23f8677b34d6f77653b/5fa28a2da3ab4d8644c75fef_Frame 1026.png]
[global-uploads.webflow.com/5f61e23f8677b34d6f77653b/5fa289b07a7e0ee2c578a773_0LjSwpsQ.png]
[www.swingvy.com/tw/products/claims.html]
[global-uploads.webflow.com/5f61e23f8677b34d6f77653b/5fa35222a1ada3061b8ba1b0_Payroll Step 1 - TW.png]
[global-uploads.webflow.com/5f61e23f8677b34d6f77653b/5fa352d29625fb401d6424ae_Payroll Step 2 - TW.png]
[global-uploads.webflow.com/5f61e23f8677b34d6f77653b/5faba86d2774c82851141692_Payroll Step 3 - TW.png]
[global-uploads.webflow.com/5f61e23f8677b34d6f77653b/5fa29264189efa8d5d8abdb0_Frame 1027.png]
[global-uploads.webflow.com/5f61e23f8677b34d6f77653b/5fa291c7515a2e7061235fd2_tEttnSHg.png]
[www.swingvy.com/tw/products/payroll.html]
[global-uploads.webflow.com/5f61e23f8677b34d6f77653b/5fa295d8a40a946abc00049e_Frame 1028 -2.png]
[www.swingvy.com/tw/products/mobile.html]
[www.swingvy.com/tw/pricing.html]
[www.swingvy.com/tw/company/careers.html]
[www.swingvy.com/tw/request-demo.html]
[www.swingvy.com/tw/company/contact-us.html]
[www.swingvy.com/GET.html]
[www.swingvy.com/sg/products/hr-hub.html]
[www.swingvy.com/sg/products/leave.html]
[global-uploads.webflow.com/5f61e23f8677b34d6f77653b/5f9eb092477401683b4c586a_Claims Step 1.jpg]
[global-uploads.webflow.com/5f61e23f8677b34d6f77653b/5f9eb09299175c578076875c_Claims Step 2.jpg]
[global-uploads.webflow.com/5f61e23f8677b34d6f77653b/5f9eb09343de7e8a2c31a51e_Claims Step 3.jpg]
[www.swingvy.com/sg/products/claims.html]
[www.swingvy.com/sg/products/benefits.html]
[www.swingvy.com/sg/pricing.html]
[www.swingvy.com/sg/partners.html]
[cdnjs.cloudflare.com/ajax/libs/jquery/3.4.1/jquery.min.js]
[www.swingvy.com/blog-categories-sg/inside-swingvy.html]
[www.swingvy.com/blog-sg/tips-for-successful-remote-onboarding.html]
[www.swingvy.com/blog-categories-sg/management.html]
[www.swingvy.com/sg/company/about-us.html]
[www.swingvy.com/sg/request-demo.html]
[www.swingvy.com/sg/psg.html]
[www.swingvy.com/sg/company/contact-us.html]
[www.swingvy.com/sg/terms.html]
[www.swingvy.com/sg/privacy.html]
[www.swingvy.com/tw/pricing.html]
[www.swingvy.com/tw/resources/library.html]
[www.swingvy.com/sg/products/GET.html]
[www.swingvy.com/sg/resources/GET.html]
[www.swingvy.com/blog-sg/key-sme-grants-available-singapore.html]
[www.swingvy.com/blog-sg/singapore-budget-2021-for-businesses.html]
[www.swingvy.com/blog-sg/the-biggest-business-shift-of-2020-flexibility.html]
[www.swingvy.com/blog-sg/the-state-of-employee-benefits.html]
[www.swingvy.com/blog-sg/swingvys-hr-mobile-app-helps-smes-tackle-the-engagement-gap-in-remote-workforces.html]
[www.swingvy.com/blog-sg/key-singapore-tax-due-dates.html]
[www.swingvy.com/blog-sg/swingvy-time-and-attendance-tracking.html]
[www.swingvy.com/blog-sg/run-effective-employee-reviews.html]
[www.swingvy.com/blog-sg/swingvy-hr-platform-is-psg-approved.html]
[www.swingvy.com/blog-sg/swingvy-partner-with-fozl-group.html]
[www.swingvy.com/blog-sg/accessing-the-digital-resilience-bonus.html]
[global-uploads.webflow.com/5f783aea952b4abda8b9ff7e/5fa2527c398e7ecf756b1dff_Swingvy-Demo-Request-Banner.png]
[www.swingvy.com/blog-sg/tips-for-successful-remote-onboarding.html]
[www.swingvy.com/blog-sg/tech-for-growth-palsgaard-asia-pacific.html]
[www.swingvy.com/blog-sg/what-singapore-workers-really-want.html]
[www.swingvy.com/blog-sg/plan-your-holidays-2021.html]
[www.swingvy.com/blog-sg/cost-cutting-strategies-for-employee-benefits.html]
[www.swingvy.com/blog-sg/national-service-make-up-pay.html]
[www.swingvy.com/blog-sg/engaging-remote-teams-as-the-world-of-work-evolves.html]
[www.swingvy.com/blog-sg/meet-that-marketing-guy.html]
[www.swingvy.com/blog-sg/compulsory-long-term-healthcare-kicks-in-for-singapore.html]
[www.swingvy.com/blog-sg/what-to-look-for-when-choosing-an-hr-management-system.html]
[www.swingvy.com/blog-sg/simple-ways-to-bring-motivation-back-into-your-work.html]
[www.swingvy.com/blog-sg/infographic-collaboration-communication-tool-ecosystem.html]
[www.swingvy.com/blog-sg/retaining-an-agile-mindset-and-culture-while-remote.html]
[www.swingvy.com/blog-sg/government-incentives-for-covid-19-sg.html]
[www.swingvy.com/blog-sg/how-smes-can-manage-work-from-home-with-swingvy.html]
[www.swingvy.com/sg/GET.html]
[www.swingvy.com/customer-stories-sg/that-marketing-guy.html]
[www.swingvy.com/customer-stories-sg/how-oxwhite-uses-swingvy-to-manage-team-and-scale-up-quicky.html]
[www.swingvy.com/customer-stories-sg/tour-mount-bromo.html]
[www.swingvy.com/customer-stories-sg/my-nonnas.html]
[www.swingvy.com/customer-stories-sg/multiverz.html]
[www.swingvy.com/customer-stories-sg/palsgaard.html]
[www.swingvy.com/sg/company/GET.html]
[www.swingvy.com/careers/product-designer-2.html]
[www.swingvy.com/careers/front-end-engineer.html]
[www.swingvy.com/careers/back-end-engineer.html]
[www.swingvy.com/careers/customer-success-manager-2.html]
[www.swingvy.com/careers/sales-manager-2.html]
[www.swingvy.com/my/GET.html]
[www.swingvy.com/my/products/hr-hub.html]
[www.swingvy.com/my/products/claims.html]
[www.swingvy.com/my/products/benefits.html]
[www.swingvy.com/my/products/mobile.html]
[www.swingvy.com/my/pricing.html]
[www.swingvy.com/my/resources/library.html]
[www.swingvy.com/my/resources/blog.html]
[www.swingvy.com/my/customers.html]
[www.swingvy.com/my/company/careers.html]
[www.swingvy.com/my/company/press.html]
[www.swingvy.com/my/company/contact-us.html]
[www.swingvy.com/my/terms.html]
[www.swingvy.com/my/privacy.html]
[www.swingvy.com/my/security.html]
[www.swingvy.com/tw/GET.html]
[www.swingvy.com/tw/products/hr-hub.html]
[www.swingvy.com/tw/products/time.html]
[global-uploads.webflow.com/5f783aea952b4abda8b9ff7e/6052b9dfd65eef7311d85e00_Swingvy_TW form (1).png]
[global-uploads.webflow.com/5f783aea952b4abda8b9ff7e/6051d00fb4f5f46e7572eafd_Swingvy_TW Tax Relief.png]
[global-uploads.webflow.com/5f783aea952b4abda8b9ff7e/6051d01d39f9d398356530ea_Swingvy_TW Warning Letter.png]
[global-uploads.webflow.com/5f783aea952b4abda8b9ff7e/6051d0e061893037b60e5db6_Swingvy_TW.png]
[www.swingvy.com/tw/resources/library.html]
[www.swingvy.com/tw/resources/blog.html]
[www.swingvy.com/tw/company/about-us.html]
[www.swingvy.com/tw/customers.html]
[www.swingvy.com/tw/company/press.html]
[www.swingvy.com/tw/terms.html]
[www.swingvy.com/tw/privacy.html]
[www.swingvy.com/tw/security.html]
[www.swingvy.com/blog-sg/GET.html]
[www.swingvy.com/my/products/GET.html]
[www.swingvy.com/my/company/GET.html]
[www.swingvy.com/tw/products/GET.html]
[www.swingvy.com/tw/company/GET.html]
[www.swingvy.com/careers/backend-engineer.html]
[www.swingvy.com/careers/sales-manager.html]
[www.swingvy.com/careers/frontend-engineer.html]
[www.swingvy.com/careers/product-designer.html]
[www.swingvy.com/blog-categories-sg/GET.html]
[www.swingvy.com/blog-categories-sg/recruiting.html]
[www.swingvy.com/tw/resources/GET.html]
